>>> add_integer = __import__("0-add_integer").add_integer

>>> add_integer(1, 2)
3

>>> add_integer(2)
100

>>> add_integer(0)
98

>>> add_integer(2,)
100

>>> add_integer(-7, -7)
-14

>>> add_integer(100, -2)
98

----------------------------------------------------------------------

>>> add_integer()
Traceback (most recent call last):
TypeError: add_integer() missing 1 required positional argument: 'a'

>>> add_integer(None)
Traceback (most recent call last):
TypeError: a must be an integer

>>> add_integer(None, None)
Traceback (most recent call last):
TypeError: a must be an integer

>>> add_integer("Pichu", 98)
Traceback (most recent call last):
TypeError: a must be an integer

>>> add_integer(98, "Pichu")
Traceback (most recent call last):
TypeError: b must be an integer

>>> add_integer("Pichu", "Pichu")
Traceback (most recent call last):
TypeError: a must be an integer

----------------------------------------------------------------------

>>> add_integer(7.7, 8.8)
15

>>> add_integer(7, 8.8)
15

>>> add_integer(7.7, 8)
15

>>> add_integer(float('inf'))
Traceback (most recent call last):
OverflowError: cannot convert float infinity to integer

>>> add_integer(float('-inf'))
Traceback (most recent call last):
OverflowError: cannot convert float infinity to integer

>>> add_integer(float('nan'))
Traceback (most recent call last):
ValueError: cannot convert float NaN to integer
